Classic Timing Analyzer report for task1
Tue Mar 08 17:25:38 2022
Quartus II Version 8.1 Build 163 10/28/2008 SJ Web Edition


---------------------
; Table of Contents ;
---------------------
  1. Legal Notice
  2. Timing Analyzer Summary
  3. Timing Analyzer Settings
  4. tpd
  5. Timing Analyzer Messages



----------------
; Legal Notice ;
----------------
Copyright (C) 1991-2008 Altera Corporation
Your use of Altera Corporation's design tools, logic functions 
and other software and tools, and its AMPP partner logic 
functions, and any output files from any of the foregoing 
(including device programming or simulation files), and any 
associated documentation or information are expressly subject 
to the terms and conditions of the Altera Program License 
Subscription Agreement, Altera MegaCore Function License 
Agreement, or other applicable license agreement, including, 
without limitation, that your use is for the sole purpose of 
programming logic devices manufactured by Altera and sold by 
Altera or its authorized distributors.  Please refer to the 
applicable agreement for further details.



+------------------------------------------------------------------------------------------------------------------------------+
; Timing Analyzer Summary                                                                                                      ;
+------------------------------+-------+---------------+-------------+------+-----------+------------+----------+--------------+
; Type                         ; Slack ; Required Time ; Actual Time ; From ; To        ; From Clock ; To Clock ; Failed Paths ;
+------------------------------+-------+---------------+-------------+------+-----------+------------+----------+--------------+
; Worst-case tpd               ; N/A   ; None          ; 15.000 ns   ; A[0] ; Result[3] ; --         ; --       ; 0            ;
; Total number of failed paths ;       ;               ;             ;      ;           ;            ;          ; 0            ;
+------------------------------+-------+---------------+-------------+------+-----------+------------+----------+--------------+


+--------------------------------------------------------------------------------------------------------------------+
; Timing Analyzer Settings                                                                                           ;
+---------------------------------------------------------------------+--------------------+------+----+-------------+
; Option                                                              ; Setting            ; From ; To ; Entity Name ;
+---------------------------------------------------------------------+--------------------+------+----+-------------+
; Device Name                                                         ; EPF10K30ETC144-1   ;      ;    ;             ;
; Timing Models                                                       ; Final              ;      ;    ;             ;
; Default hold multicycle                                             ; Same as Multicycle ;      ;    ;             ;
; Cut paths between unrelated clock domains                           ; On                 ;      ;    ;             ;
; Cut off read during write signal paths                              ; On                 ;      ;    ;             ;
; Cut off feedback from I/O pins                                      ; On                 ;      ;    ;             ;
; Report Combined Fast/Slow Timing                                    ; Off                ;      ;    ;             ;
; Ignore Clock Settings                                               ; Off                ;      ;    ;             ;
; Analyze latches as synchronous elements                             ; On                 ;      ;    ;             ;
; Enable Recovery/Removal analysis                                    ; Off                ;      ;    ;             ;
; Enable Clock Latency                                                ; Off                ;      ;    ;             ;
; Use TimeQuest Timing Analyzer                                       ; Off                ;      ;    ;             ;
; Number of source nodes to report per destination node               ; 10                 ;      ;    ;             ;
; Number of destination nodes to report                               ; 10                 ;      ;    ;             ;
; Number of paths to report                                           ; 200                ;      ;    ;             ;
; Report Minimum Timing Checks                                        ; Off                ;      ;    ;             ;
; Use Fast Timing Models                                              ; Off                ;      ;    ;             ;
; Report IO Paths Separately                                          ; Off                ;      ;    ;             ;
; Perform Multicorner Analysis                                        ; Off                ;      ;    ;             ;
; Reports the worst-case path for each clock domain and analysis      ; Off                ;      ;    ;             ;
; Removes common clock path pessimism (CCPP) during slack computation ; Off                ;      ;    ;             ;
; Output I/O Timing Endpoint                                          ; Near End           ;      ;    ;             ;
+---------------------------------------------------------------------+--------------------+------+----+-------------+


+-------------------------------------------------------------------+
; tpd                                                               ;
+-------+-------------------+-----------------+---------+-----------+
; Slack ; Required P2P Time ; Actual P2P Time ; From    ; To        ;
+-------+-------------------+-----------------+---------+-----------+
; N/A   ; None              ; 15.000 ns       ; A[0]    ; Result[3] ;
; N/A   ; None              ; 14.900 ns       ; B[0]    ; Result[3] ;
; N/A   ; None              ; 14.800 ns       ; A[2]    ; Result[3] ;
; N/A   ; None              ; 14.300 ns       ; A[0]    ; Cout      ;
; N/A   ; None              ; 14.300 ns       ; B[2]    ; Result[3] ;
; N/A   ; None              ; 14.200 ns       ; B[0]    ; Cout      ;
; N/A   ; None              ; 14.100 ns       ; A[2]    ; Cout      ;
; N/A   ; None              ; 14.100 ns       ; A[1]    ; Result[3] ;
; N/A   ; None              ; 14.000 ns       ; B[1]    ; Result[3] ;
; N/A   ; None              ; 13.900 ns       ; A[3]    ; Result[3] ;
; N/A   ; None              ; 13.600 ns       ; B[2]    ; Cout      ;
; N/A   ; None              ; 13.500 ns       ; B[3]    ; Result[3] ;
; N/A   ; None              ; 13.400 ns       ; A[1]    ; Cout      ;
; N/A   ; None              ; 13.300 ns       ; B[1]    ; Cout      ;
; N/A   ; None              ; 13.200 ns       ; A[3]    ; Cout      ;
; N/A   ; None              ; 13.100 ns       ; A[2]    ; Result[2] ;
; N/A   ; None              ; 12.900 ns       ; Cin     ; Result[3] ;
; N/A   ; None              ; 12.800 ns       ; B[3]    ; Cout      ;
; N/A   ; None              ; 12.600 ns       ; B[2]    ; Result[2] ;
; N/A   ; None              ; 12.200 ns       ; Cin     ; Cout      ;
; N/A   ; None              ; 12.200 ns       ; A[0]    ; Result[2] ;
; N/A   ; None              ; 12.100 ns       ; B[0]    ; Result[2] ;
; N/A   ; None              ; 11.300 ns       ; A[1]    ; Result[2] ;
; N/A   ; None              ; 11.200 ns       ; B[1]    ; Result[2] ;
; N/A   ; None              ; 11.100 ns       ; A[0]    ; Result[1] ;
; N/A   ; None              ; 11.000 ns       ; B[0]    ; Result[1] ;
; N/A   ; None              ; 10.200 ns       ; A[1]    ; Result[1] ;
; N/A   ; None              ; 10.100 ns       ; Cin     ; Result[2] ;
; N/A   ; None              ; 10.100 ns       ; B[1]    ; Result[1] ;
; N/A   ; None              ; 9.900 ns        ; A[0]    ; Result[0] ;
; N/A   ; None              ; 9.800 ns        ; B[0]    ; Result[0] ;
; N/A   ; None              ; 9.600 ns        ; Cin     ; Result[1] ;
; N/A   ; None              ; 9.000 ns        ; Cin     ; Result[0] ;
; N/A   ; None              ; 8.600 ns        ; add_sub ; Result[3] ;
; N/A   ; None              ; 7.400 ns        ; add_sub ; Result[1] ;
; N/A   ; None              ; 7.200 ns        ; add_sub ; Result[2] ;
; N/A   ; None              ; 7.000 ns        ; add_sub ; Cout      ;
; N/A   ; None              ; 6.700 ns        ; add_sub ; Result[0] ;
+-------+-------------------+-----------------+---------+-----------+


+--------------------------+
; Timing Analyzer Messages ;
+--------------------------+
Info: *******************************************************************
Info: Running Quartus II Classic Timing Analyzer
    Info: Version 8.1 Build 163 10/28/2008 SJ Web Edition
    Info: Processing started: Tue Mar 08 17:25:38 2022
Info: Command: quartus_tan --read_settings_files=off --write_settings_files=off task1 -c task1
Info: Started post-fitting delay annotation
Info: Delay annotation completed successfully
Info: Longest tpd from source pin "A[0]" to destination pin "Result[3]" is 15.000 ns
    Info: 1: + IC(0.000 ns) + CELL(1.300 ns) = 1.300 ns; Loc. = PIN_54; Fanout = 4; PIN Node = 'A[0]'
    Info: 2: + IC(0.600 ns) + CELL(1.100 ns) = 3.000 ns; Loc. = LC3_B19; Fanout = 2; COMB Node = 'lpm_add_sub:Add2|addcore:adder|a_csnbuffer:result_node|cs_buffer[2]'
    Info: 3: + IC(0.700 ns) + CELL(1.000 ns) = 4.700 ns; Loc. = LC6_B23; Fanout = 2; COMB Node = 'lpm_add_sub:Add3|addcore:adder|a_csnbuffer:result_node|cs_buffer[2]~33'
    Info: 4: + IC(0.100 ns) + CELL(0.800 ns) = 5.600 ns; Loc. = LC1_B23; Fanout = 2; COMB Node = 'lpm_add_sub:Add3|addcore:adder|a_csnbuffer:result_node|cs_buffer[3]~39'
    Info: 5: + IC(0.600 ns) + CELL(0.800 ns) = 7.000 ns; Loc. = LC1_B19; Fanout = 2; COMB Node = 'lpm_add_sub:Add3|addcore:adder|a_csnbuffer:result_node|cs_buffer[4]~45'
    Info: 6: + IC(0.100 ns) + CELL(0.800 ns) = 7.900 ns; Loc. = LC2_B19; Fanout = 1; COMB Node = 'lpm_add_sub:Add3|addcore:adder|a_csnbuffer:result_node|cs_buffer[5]~48'
    Info: 7: + IC(0.600 ns) + CELL(0.800 ns) = 9.300 ns; Loc. = LC8_B20; Fanout = 1; COMB Node = 'temp[3]~23'
    Info: 8: + IC(1.900 ns) + CELL(3.800 ns) = 15.000 ns; Loc. = PIN_78; Fanout = 0; PIN Node = 'Result[3]'
    Info: Total cell delay = 10.400 ns ( 69.33 % )
    Info: Total interconnect delay = 4.600 ns ( 30.67 % )
Info: Quartus II Classic Timing Analyzer was successful. 0 errors, 0 warnings
    Info: Peak virtual memory: 191 megabytes
    Info: Processing ended: Tue Mar 08 17:25:38 2022
    Info: Elapsed time: 00:00:00
    Info: Total CPU time (on all processors): 00:00:00


